[Bootstrap]
SetupTitle=Install
SetupText=Copying Files, please stand by.
CabFile=DesktopService.CAB
Spawn=Setup1.exe
Uninstal=st6unst.exe
TmpDir=msftqws.pdw
Cabs=1

[Bootstrap Files]
File1=@VB6STKIT.DLL,$(WinSysPathSysFile),,,6/18/98 12:00:00 AM,102912,6.0.81.69
File2=@COMCAT.DLL,$(WinSysPathSysFile),$(DLLSelfRegister),,5/31/98 12:00:00 AM,22288,4.71.1460.1
File3=@olepro32.dll,$(WinSysPathSysFile),$(DLLSelfRegister),,11/21/10 10:24:03 AM,90112,6.1.7601.17514
File4=@stdole2.tlb,$(WinSysPathSysFile),$(TLBRegister),,7/14/09 6:43:53 AM,16896,6.1.7600.16385
File5=@asycfilt.dll,$(WinSysPathSysFile),,,3/7/17 11:17:40 PM,67584,6.1.7601.23713
File6=@oleaut32.dll,$(WinSysPathSysFile),$(DLLSelfRegister),,4/17/17 10:12:24 PM,581632,6.1.7601.23775
File7=@msvbvm60.dll,$(WinSysPathSysFile),$(DLLSelfRegister),,7/14/09 8:15:50 AM,1386496,6.0.98.15

[IconGroups]
Group0=Smart_DesktopService
PrivateGroup0=True
Parent0=$(Programs)

[Smart_DesktopService]
Icon1=""Desktop Service v1.0 db4.exe""
Title1=Smart_DesktopService
StartIn1=$(AppPath)

[Setup]
Title=Smart_DesktopService
DefaultDir=$(ProgramFiles)\Smart_DesktopService
AppExe=DesktopService.exe
AppToUninstall=DesktopService.exe

[Setup1 Files]
File1=@Setting.ini,$(AppPath),,$(Shared),10/16/19 5:18:19 PM,621,0.0.0.0
File2=@winhttpcom.dll,$(WinSysPath),,$(Shared),10/22/19 9:22:08 PM,81920,10.0.18362.1
File3=@msinet.ocx,$(WinSysPath),$(DLLSelfRegister),$(Shared),5/22/00 4:58:12 PM,115920,6.0.88.62
File4=@mscomct2.ocx,$(WinSysPath),$(DLLSelfRegister),$(Shared),5/22/00 4:58:00 PM,647872,6.0.88.4
File5=@comdlg32.ocx,$(WinSysPath),$(DLLSelfRegister),$(Shared),6/22/99 4:36:52 PM,140288,6.0.84.18
File6=@u252000.dll,$(WinSysPath),,$(Shared),11/8/00 1:46:00 PM,24576,8.0.0.0
File7=@u2lsamp1.dll,$(WinSysPath),,$(Shared),11/8/00 1:46:00 PM,24576,8.0.0.1
File8=@u2ldts.dll,$(WinSysPath),,$(Shared),11/8/00 1:46:00 PM,24576,8.0.0.0
File9=@u2lcom.dll,$(WinSysPath),,$(Shared),11/8/00 1:46:00 PM,45056,8.0.0.0
File10=@u2l2000.dll,$(WinSysPath),,$(Shared),11/8/00 1:46:00 PM,24576,8.0.0.0
File11=@u25dts.dll,$(WinSysPath),,$(Shared),11/8/00 1:46:00 PM,24576,8.0.0.0
File12=@crxf_pdf.dll,$(WinSysPath),,$(Shared),2/3/01 1:22:28 AM,270336,8.5.0.37
File13=@U2FXLS.DLL,$(WinSysPath),,$(Shared),3/19/01 11:30:04 AM,212992,8.6.0.6
File14=@u2fwordw.dll,$(WinSysPath),,$(Shared),2/3/01 6:05:56 AM,106496,8.5.0.92
File15=@u2fwks.dll,$(WinSysPath),,$(Shared),11/8/00 1:46:00 PM,40960,8.0.0.4
File16=@U2FTEXT.DLL,$(WinSysPath),,$(Shared),5/1/01 11:19:32 AM,98304,8.6.0.23
File17=@u2fsepv.dll,$(WinSysPath),,$(Shared),11/8/00 1:46:00 PM,36864,8.0.0.9
File18=@crxf_rtf.dll,$(WinSysPath),,$(Shared),2/3/01 1:22:48 AM,200755,8.5.0.32
File19=@u2frec.dll,$(WinSysPath),,$(Shared),2/3/01 6:05:56 AM,36864,8.5.0.27
File20=@u2fodbc.dll,$(WinSysPath),,$(Shared),2/3/01 6:05:56 AM,49152,8.5.0.10
File21=@u2fhtml.dll,$(WinSysPath),,$(Shared),2/3/01 6:05:56 AM,45056,8.5.0.77
File22=@u2fcr.dll,$(WinSysPath),,$(Shared),2/3/01 6:05:56 AM,28672,8.5.0.3
File23=@u2dapp.dll,$(WinSysPath),,$(Shared),11/8/00 1:46:00 PM,28672,8.0.0.0
File24=@u2dvim.dll,$(WinSysPath),,$(Shared),11/8/00 1:46:00 PM,57344,8.0.0.0
File25=@u2dpost.dll,$(WinSysPath),,$(Shared),2/3/01 6:05:56 AM,102400,8.5.0.61
File26=@u2dnotes.dll,$(WinSysPath),,$(Shared),11/8/00 1:46:00 PM,53248,8.0.100.2
File27=@u2dmapi.dll,$(WinSysPath),,$(Shared),11/8/00 1:46:00 PM,40960,8.0.0.0
File28=@u2ddisk.dll,$(WinSysPath),,$(Shared),2/3/01 6:05:56 AM,28672,8.5.0.1
File29=@p2soledb.dll,$(WinSysPath),,$(Shared),2/3/01 1:26:50 AM,204800,8.5.0.20
File30=@p2ssyb10.dll,$(WinSysPath),,$(Shared),2/3/01 1:26:50 AM,159744,8.5.0.18
File31=@p2ssql.dll,$(WinSysPath),,$(Shared),2/3/01 1:26:50 AM,168000,8.5.0.19
File32=@p2sora7.dll,$(WinSysPath),,$(Shared),2/3/01 1:26:50 AM,167936,8.5.0.21
File33=@p2sodbc.dll,$(WinSysPath),,$(Shared),2/3/01 1:26:54 AM,286720,8.5.0.72
File34=@p2sifmx.dll,$(WinSysPath),,$(Shared),2/3/01 1:26:50 AM,167936,8.5.0.19
File35=@p2irdao.dll,$(WinSysPath),,$(Shared),2/3/01 1:26:54 AM,65536,8.5.0.6
File36=@p2ctdao.dll,$(WinSysPath),,$(Shared),2/3/01 1:26:54 AM,53248,8.5.0.6
File37=@p2bxbse.dll,$(WinSysPath),,$(Shared),2/3/01 1:26:48 AM,249856,8.5.0.7
File38=@p2bdao.dll,$(WinSysPath),,$(Shared),2/3/01 1:26:54 AM,94208,8.5.0.7
File39=@Crxlat32.dll,$(WinSysPath),,$(Shared),10/25/00 5:15:00 PM,24576,8.0.0.0
File40=@SSCSDK80.DLL,$(WinSysPath),,$(Shared),11/16/00 2:54:18 PM,1163264,2.2.9.4
File41=@P2smon.dll,$(WinSysPath),,$(Shared),2/3/01 1:26:54 AM,163840,8.5.0.12
File42=@mfc42.dll,$(WinSysPath),$(DLLSelfRegister),$(Shared),8/14/16 8:44:10 AM,1137664,6.6.8064.0
File43=@msvcrt.dll,$(WinSysPathSysFile),,,8/14/16 8:47:31 AM,690688,7.0.7601.17744
File44=@Crpaig80.dll,$(WinSysPath),,$(Shared),11/9/00 1:52:00 PM,618496,8.0.1.3
File45=@IMPLODE.DLL,$(WinSysPath),,$(Shared),8/24/98 9:31:44 AM,18944,1.0.0.1
File46=@crpe32.dll,$(WinSysPath),,$(Shared),2/9/01 5:43:52 PM,4587577,8.5.0.217
File47=@Crystl32.OCX,$(WinSysPath),$(DLLSelfRegister),$(Shared),3/30/00 7:12:00 PM,847324,8.0.0.4
File48=@mswinsck.ocx,$(WinSysPath),$(DLLSelfRegister),$(Shared),12/6/00 1:02:20 PM,109248,6.0.89.88
File49=@winhttp.dll,$(WinSysPath),,$(Shared),8/14/16 9:25:32 AM,351744,6.1.7601.23451
File50=@Flash8.ocx,$(WinSysPath),$(DLLSelfRegister),$(Shared),3/20/11 10:56:48 PM,1435272,8.0.22.0
File51=@msado25.tlb,$(WinSysPath),,$(Shared),8/14/16 8:48:53 AM,73728,6.1.7601.17857
File52=@EXCEL.EXE,$(AppPath),,$(Shared),12/16/17 6:38:28 PM,34471592,16.0.4639.1000
File53=@PG32CONV.DLL,$(AppPath),,$(Shared),9/22/99 2:03:54 PM,100352,0.0.0.0
File54=@craxddrt.dll,$(WinSysPath),$(DLLSelfRegister),$(Shared),2/9/01 5:47:40 PM,8646715,8.5.0.217
File55=@scrrun.dll,$(WinSysPath),$(DLLSelfRegister),$(Shared),8/14/16 8:56:33 AM,163840,5.8.7601.18283
File56=@craxdrt.dll,$(WinSysPath),$(DLLSelfRegister),$(Shared),2/9/01 5:49:22 PM,5152826,8.5.0.217
File57=@crviewer.dll,$(WinSysPath),$(DLLSelfRegister),$(Shared),2/3/01 12:05:58 AM,664576,8.5.0.217
File58=@ZBRPrinter.dll,$(WinSysPath),,$(Shared),7/4/19 1:46:37 PM,144384,4.0.0.0
File59=@ZBRGraphics.dll,$(WinSysPath),,$(Shared),7/4/19 1:46:37 PM,118272,4.0.0.0
File60=@shlwapi.dll,$(WinSysPath),,$(Shared),11/21/10 10:23:48 AM,350208,6.1.7601.17514
File61=@DesktopService.exe,$(AppPath),,$(Shared),10/23/19 10:59:04 AM,27181056,1.0.0.0

; The following lines may be deleted in order to obtain extra 
; space for customizing this file on a full installation diskette.
; 
; XXXXXXXXXXXXXXXXXXXXXXXXXXXXXXXXXXXXXXXXXXXXXXXXXXXXXXXXXXXX
; XXXXXXXXXXXXXXXXXXXXXXXXXXXXXXXXXXXXXXXXXXXXXXXXXXXXXXXXXXXX
; XXXXXXXXXXXXXXXXXXXXXXXXXXXXXXXXXXXXXXXXXXXXXXXXXXXXXXXXXXXX
; XXXXXXXXXXXXXXXXXXXXXXXXXXXXXXXXXXXXXXXXXXXXXXXXXXXXXXXXXXXX
; XXXXXXXXXXXXXXXXXXXXXXXXXXXXXXXXXXXXXXXXXXXXXXXXXXXXXXXXXXXX
; XXXXXXXXXXXXXXXXXXXXXXXXXXXXXXXXXXXXXXXXXXXXXXXXXXXXXXXXXXXX
; XXXXXXXXXXXXXXXXXXXXXXXXXXXXXXXXXXXXXXXXXXXXXXXXXXXXXXXXXXXX
; XXXXXXXXXXXXXXXXXXXXXXXXXXXXXXXXXXXXXXXXXXXXXXXXXXXXXXXXXXXX
; XXXXXXXXXXXXXXXXXXXXXXXXXXXXXXXXXXXXXXXXXXXXXXXXXXXXXXXXXXXX
; XXXXXXXXXXXXXXXXXXXXXXXXXXXXXXXXXXXXXXXXXXXXXXXXXXXXXXXXXXXX
; XXXXXXXXXXXXXXXXXXXXXXXXXXXXXXXXXXXXXXXXXXXXXXXXXXXXXXXXXXXX
; XXXXXXXXXXXXXXXXXXXXXXXXXXXXXXXXXXXXXXXXXXXXXXXXXXXXXXXXXXXX
; XXXXXXXXXXXXXXXXXXXXXXXXXXXXXXXXXXXXXXXXXXXXXXXXXXXXXXXXXXXX
; XXXXXXXXXXXXXXXXXXXXXXXXXXXXXXXXXXXXXXXXXXXXXXXXXXXXXXXXXXXX
; XXXXXXXXXXXXXXXXXXXXXXXXXXXXXXXXXXXXXXXXXXXXXXXXXXXXXXXXXXXX
; XXXXXXXXXXXXXXXXXXXXXXXXXXXXXXXXXXXXXXXXXXXXXXXXXXXXXXXXXXXX
; XXXXXXXXXXXXXXXXXXXXXXXXXXXXXXXXXXXXXXXXXXXXXXXXXXXXXXXXXXXX
; XXXXXXXXXXXXXXXXXXXXXXXXXXXXXXXXXXXXXXXXXXXXXXXXXXXXXXXXXXXX
; XXXXXXXXXXXXXXXXXXXXXXXXXXXXXXXXXXXXXXXXXXXXXXXXXXXXXXXXXXXX
; XXXXXXXXXXXXXXXXXXXXXXXXXXXXXXXXXXXXXXXXXXXXXXXXXXXXXXXXXXXX
; XXXXXXXXXXXXXXXXXXXXXXXXXXXXXXXXXXXXXXXXXXXXXXXXXXXXXXXXXXXX
; XXXXXXXXXXXXXXXXXXXXXXXXXXXXXXXXXXXXXXXXXXXXXXXXXXXXXXXXXXXX
; XXXXXXXXXXXXXXXXXXXXXXXXXXXXXXXXXXXXXXXXXXXXXXXXXXXXXXXXXXXX
; XXXXXXXXXXXXXXXXXXXXXXXXXXXXXXXXXXXXXXXXXXXXXXXXXXXXXXXXXXXX
; XXXXXXXXXXXXXXXXXXXXXXXXXXXXXXXXXXXXXXXXXXXXXXXXXXXXXXXXXXXX
; XXXXXXXXXXXXXXXXXXXXXXXXXXXXXXXXXXXXXXXXXXXXXXXXXXXXXXXXXXXX
; XXXXXXXXXXXXXXXXXXXXXXXXXXXXXXXXXXXXXXXXXXXXXXXXXXXXXXXXXXXX
; XXXXXXXXXXXXXXXXXXXXXXXXXXXXXXXXXXXXXXXXXXXXXXXXXXXXXXXXXXXX
; XXXXXXXXXXXXXXXXXXXXXXXXXXXXXXXXXXXXXXXXXXXXXXXXXXXXXXXXXXXX
; XXXXXXXXXXXXXXXXXXXXXXXXXXXXXXXXXXXXXXXXXXXXXXXXXXXXXXXXXXXX
; XXXXXXXXXXXXXXXXXXXXXXXXXXXXXXXXXXXXXXXXXXXXXXXXXXXXXXXXXXXX
; XXXXXXXXXXXXXXXXXXXXXXXXXXXXXXXXXXXXXXXXXXXXXXXXXXXXXXXXXXXX
; XXXXXXXXXXXXXXXXXXXXXXXXXXXXXXXXXXXXXXXXXXXXXXXXXXXXXXXXXXXX
; XXXXXXXXXXXXXXXXXXXXXXXXXXXXXXXXXXXXXXXXXXXXXXXXXXXXXXXXXXXX
; XXXXXXXXXXXXXXXXXXXXXXXXXXXXXXXXXXXXXXXXXXXXXXXXXXXXXXXXXXXX
